Archive member included to satisfy reference by file (symbol)

E:/Software Installs/STM32CubeIDE_1.19.0/STM32CubeIDE/plugins/com.st.stm32cube.ide.mcu.externaltools.gnu-tools-for-stm32.13.3.rel1.win32_1.0.0.202411081344/tools/bin/../lib/gcc/arm-none-eabi/13.3.1/../../../../arm-none-eabi/lib/thumb/v7e-m+fp/hard\libc_nano.a(libc_a-exit.o)
                              E:/Software Installs/STM32CubeIDE_1.19.0/STM32CubeIDE/plugins/com.st.stm32cube.ide.mcu.externaltools.gnu-tools-for-stm32.13.3.rel1.win32_1.0.0.202411081344/tools/bin/../lib/gcc/arm-none-eabi/13.3.1/../../../../arm-none-eabi/lib/thumb/v7e-m+fp/hard/crt0.o (exit)
E:/Software Installs/STM32CubeIDE_1.19.0/STM32CubeIDE/plugins/com.st.stm32cube.ide.mcu.externaltools.gnu-tools-for-stm32.13.3.rel1.win32_1.0.0.202411081344/tools/bin/../lib/gcc/arm-none-eabi/13.3.1/../../../../arm-none-eabi/lib/thumb/v7e-m+fp/hard\libc_nano.a(libc_a-findfp.o)
                              E:/Software Installs/STM32CubeIDE_1.19.0/STM32CubeIDE/plugins/com.st.stm32cube.ide.mcu.externaltools.gnu-tools-for-stm32.13.3.rel1.win32_1.0.0.202411081344/tools/bin/../lib/gcc/arm-none-eabi/13.3.1/../../../../arm-none-eabi/lib/thumb/v7e-m+fp/hard\libc_nano.a(libc_a-exit.o) (__stdio_exit_handler)
E:/Software Installs/STM32CubeIDE_1.19.0/STM32CubeIDE/plugins/com.st.stm32cube.ide.mcu.externaltools.gnu-tools-for-stm32.13.3.rel1.win32_1.0.0.202411081344/tools/bin/../lib/gcc/arm-none-eabi/13.3.1/../../../../arm-none-eabi/lib/thumb/v7e-m+fp/hard\libc_nano.a(libc_a-fwalk.o)
                              E:/Software Installs/STM32CubeIDE_1.19.0/STM32CubeIDE/plugins/com.st.stm32cube.ide.mcu.externaltools.gnu-tools-for-stm32.13.3.rel1.win32_1.0.0.202411081344/tools/bin/../lib/gcc/arm-none-eabi/13.3.1/../../../../arm-none-eabi/lib/thumb/v7e-m+fp/hard\libc_nano.a(libc_a-findfp.o) (_fwalk_sglue)
E:/Software Installs/STM32CubeIDE_1.19.0/STM32CubeIDE/plugins/com.st.stm32cube.ide.mcu.externaltools.gnu-tools-for-stm32.13.3.rel1.win32_1.0.0.202411081344/tools/bin/../lib/gcc/arm-none-eabi/13.3.1/../../../../arm-none-eabi/lib/thumb/v7e-m+fp/hard\libc_nano.a(libc_a-stdio.o)
                              E:/Software Installs/STM32CubeIDE_1.19.0/STM32CubeIDE/plugins/com.st.stm32cube.ide.mcu.externaltools.gnu-tools-for-stm32.13.3.rel1.win32_1.0.0.202411081344/tools/bin/../lib/gcc/arm-none-eabi/13.3.1/../../../../arm-none-eabi/lib/thumb/v7e-m+fp/hard\libc_nano.a(libc_a-findfp.o) (__sread)
E:/Software Installs/STM32CubeIDE_1.19.0/STM32CubeIDE/plugins/com.st.stm32cube.ide.mcu.externaltools.gnu-tools-for-stm32.13.3.rel1.win32_1.0.0.202411081344/tools/bin/../lib/gcc/arm-none-eabi/13.3.1/../../../../arm-none-eabi/lib/thumb/v7e-m+fp/hard\libc_nano.a(libc_a-memset.o)
                              E:/Software Installs/STM32CubeIDE_1.19.0/STM32CubeIDE/plugins/com.st.stm32cube.ide.mcu.externaltools.gnu-tools-for-stm32.13.3.rel1.win32_1.0.0.202411081344/tools/bin/../lib/gcc/arm-none-eabi/13.3.1/../../../../arm-none-eabi/lib/thumb/v7e-m+fp/hard/crt0.o (memset)
E:/Software Installs/STM32CubeIDE_1.19.0/STM32CubeIDE/plugins/com.st.stm32cube.ide.mcu.externaltools.gnu-tools-for-stm32.13.3.rel1.win32_1.0.0.202411081344/tools/bin/../lib/gcc/arm-none-eabi/13.3.1/../../../../arm-none-eabi/lib/thumb/v7e-m+fp/hard\libc_nano.a(libc_a-closer.o)
                              E:/Software Installs/STM32CubeIDE_1.19.0/STM32CubeIDE/plugins/com.st.stm32cube.ide.mcu.externaltools.gnu-tools-for-stm32.13.3.rel1.win32_1.0.0.202411081344/tools/bin/../lib/gcc/arm-none-eabi/13.3.1/../../../../arm-none-eabi/lib/thumb/v7e-m+fp/hard\libc_nano.a(libc_a-stdio.o) (_close_r)
E:/Software Installs/STM32CubeIDE_1.19.0/STM32CubeIDE/plugins/com.st.stm32cube.ide.mcu.externaltools.gnu-tools-for-stm32.13.3.rel1.win32_1.0.0.202411081344/tools/bin/../lib/gcc/arm-none-eabi/13.3.1/../../../../arm-none-eabi/lib/thumb/v7e-m+fp/hard\libc_nano.a(libc_a-reent.o)
                              E:/Software Installs/STM32CubeIDE_1.19.0/STM32CubeIDE/plugins/com.st.stm32cube.ide.mcu.externaltools.gnu-tools-for-stm32.13.3.rel1.win32_1.0.0.202411081344/tools/bin/../lib/gcc/arm-none-eabi/13.3.1/../../../../arm-none-eabi/lib/thumb/v7e-m+fp/hard\libc_nano.a(libc_a-closer.o) (errno)
E:/Software Installs/STM32CubeIDE_1.19.0/STM32CubeIDE/plugins/com.st.stm32cube.ide.mcu.externaltools.gnu-tools-for-stm32.13.3.rel1.win32_1.0.0.202411081344/tools/bin/../lib/gcc/arm-none-eabi/13.3.1/../../../../arm-none-eabi/lib/thumb/v7e-m+fp/hard\libc_nano.a(libc_a-impure.o)
                              E:/Software Installs/STM32CubeIDE_1.19.0/STM32CubeIDE/plugins/com.st.stm32cube.ide.mcu.externaltools.gnu-tools-for-stm32.13.3.rel1.win32_1.0.0.202411081344/tools/bin/../lib/gcc/arm-none-eabi/13.3.1/../../../../arm-none-eabi/lib/thumb/v7e-m+fp/hard\libc_nano.a(libc_a-reent.o) (_impure_ptr)
[...]
Memory Configuration

Name             Origin             Length             Attributes
CCMRAM           0x10000000         0x00010000         xrw
RAM              0x20000000         0x00020000         xrw
FLASH            0x08000000         0x00080000         xr
*default*        0x00000000         0xffffffff

Linker script and memory map

LOAD E:/Software Installs/STM32CubeIDE_1.19.0/STM32CubeIDE/plugins/com.st.stm32cube.ide.mcu.externaltools.gnu-tools-for-stm32.13.3.rel1.win32_1.0.0.202411081344/tools/bin/../lib/gcc/arm-none-eabi/13.3.1/thumb/v7e-m+fp/hard/crti.o
LOAD E:/Software Installs/STM32CubeIDE_1.19.0/STM32CubeIDE/plugins/com.st.stm32cube.ide.mcu.externaltools.gnu-tools-for-stm32.13.3.rel1.win32_1.0.0.202411081344/tools/bin/../lib/gcc/arm-none-eabi/13.3.1/thumb/v7e-m+fp/hard/crtbegin.o
LOAD E:/Software Installs/STM32CubeIDE_1.19.0/STM32CubeIDE/plugins/com.st.stm32cube.ide.mcu.externaltools.gnu-tools-for-stm32.13.3.rel1.win32_1.0.0.202411081344/tools/bin/../lib/gcc/arm-none-eabi/13.3.1/../../../../arm-none-eabi/lib/thumb/v7e-m+fp/hard/crt0.o
LOAD ./Src/008_spi_tx_rx.o
LOAD ./Src/syscalls.o
LOAD ./Src/sysmem.o
LOAD ./Startup/startup_stm32f407vetx.o
LOAD ./drivers/Src/stm32f407xx_gpio_driver.o
LOAD ./drivers/Src/stm32f407xx_spi_driver.o
START GROUP
LOAD E:/Software Installs/STM32CubeIDE_1.19.0/STM32CubeIDE/plugins/com.st.stm32cube.ide.mcu.externaltools.gnu-tools-for-stm32.13.3.rel1.win32_1.0.0.202411081344/tools/bin/../lib/gcc/arm-none-eabi/13.3.1/../../../../arm-none-eabi/lib/thumb/v7e-m+fp/hard\libc_nano.a
LOAD E:/Software Installs/STM32CubeIDE_1.19.0/STM32CubeIDE/plugins/com.st.stm32cube.ide.mcu.externaltools.gnu-tools-for-stm32.13.3.rel1.win32_1.0.0.202411081344/tools/bin/../lib/gcc/arm-none-eabi/13.3.1/../../../../arm-none-eabi/lib/thumb/v7e-m+fp/hard\libm.a
END GROUP
START GROUP
LOAD E:/Software Installs/STM32CubeIDE_1.19.0/STM32CubeIDE/plugins/com.st.stm32cube.ide.mcu.externaltools.gnu-tools-for-stm32.13.3.rel1.win32_1.0.0.202411081344/tools/bin/../lib/gcc/arm-none-eabi/13.3.1/thumb/v7e-m+fp/hard\libgcc.a
LOAD E:/Software Installs/STM32CubeIDE_1.19.0/STM32CubeIDE/plugins/com.st.stm32cube.ide.mcu.externaltools.gnu-tools-for-stm32.13.3.rel1.win32_1.0.0.202411081344/tools/bin/../lib/gcc/arm-none-eabi/13.3.1/../../../../arm-none-eabi/lib/thumb/v7e-m+fp/hard\libc_nano.a
END GROUP
START GROUP
LOAD E:/Software Installs/STM32CubeIDE_1.19.0/STM32CubeIDE/plugins/com.st.stm32cube.ide.mcu.externaltools.gnu-tools-for-stm32.13.3.rel1.win32_1.0.0.202411081344/tools/bin/../lib/gcc/arm-none-eabi/13.3.1/thumb/v7e-m+fp/hard\libgcc.a
LOAD E:/Software Installs/STM32CubeIDE_1.19.0/STM32CubeIDE/plugins/com.st.stm32cube.ide.mcu.externaltools.gnu-tools-for-stm32.13.3.rel1.win32_1.0.0.202411081344/tools/bin/../lib/gcc/arm-none-eabi/13.3.1/../../../../arm-none-eabi/lib/thumb/v7e-m+fp/hard\libc_nano.a
LOAD E:/Software Installs/STM32CubeIDE_1.19.0/STM32CubeIDE/plugins/com.st.stm32cube.ide.mcu.externaltools.gnu-tools-for-stm32.13.3.rel1.win32_1.0.0.202411081344/tools/bin/../lib/gcc/arm-none-eabi/13.3.1/../../../../arm-none-eabi/lib/thumb/v7e-m+fp/hard\libnosys.a
END GROUP
START GROUP
LOAD E:/Software Installs/STM32CubeIDE_1.19.0/STM32CubeIDE/plugins/com.st.stm32cube.ide.mcu.externaltools.gnu-tools-for-stm32.13.3.rel1.win32_1.0.0.202411081344/tools/bin/../lib/gcc/arm-none-eabi/13.3.1/thumb/v7e-m+fp/hard\libgcc.a
LOAD E:/Software Installs/STM32CubeIDE_1.19.0/STM32CubeIDE/plugins/com.st.stm32cube.ide.mcu.externaltools.gnu-tools-for-stm32.13.3.rel1.win32_1.0.0.202411081344/tools/bin/../lib/gcc/arm-none-eabi/13.3.1/../../../../arm-none-eabi/lib/thumb/v7e-m+fp/hard\libc_nano.a
LOAD E:/Software Installs/STM32CubeIDE_1.19.0/STM32CubeIDE/plugins/com.st.stm32cube.ide.mcu.externaltools.gnu-tools-for-stm32.13.3.rel1.win32_1.0.0.202411081344/tools/bin/../lib/gcc/arm-none-eabi/13.3.1/../../../../arm-none-eabi/lib/thumb/v7e-m+fp/hard\libnosys.a
END GROUP
LOAD E:/Software Installs/STM32CubeIDE_1.19.0/STM32CubeIDE/plugins/com.st.stm32cube.ide.mcu.externaltools.gnu-tools-for-stm32.13.3.rel1.win32_1.0.0.202411081344/tools/bin/../lib/gcc/arm-none-eabi/13.3.1/thumb/v7e-m+fp/hard/crtend.o
LOAD E:/Software Installs/STM32CubeIDE_1.19.0/STM32CubeIDE/plugins/com.st.stm32cube.ide.mcu.externaltools.gnu-tools-for-stm32.13.3.rel1.win32_1.0.0.202411081344/tools/bin/../lib/gcc/arm-none-eabi/13.3.1/thumb/v7e-m+fp/hard/crtn.o
                0x20020000                        _estack = (ORIGIN (RAM) + LENGTH (RAM))
                0x00000200                        _Min_Heap_Size = 0x200
                0x00000400                        _Min_Stack_Size = 0x400

.isr_vector     0x08000000      0x188
                0x08000000                        . = ALIGN (0x4)
 *(.isr_vector)
 .isr_vector    0x08000000      0x188 ./Startup/startup_stm32f407vetx.o
                0x08000000                g_pfnVectors
                0x08000188                        . = ALIGN (0x4)

.text           0x08000188      0xd1c
                0x08000188                        . = ALIGN (0x4)
 *(.text)
 .text          0x08000188       0x40 E:/Software Installs/STM32CubeIDE_1.19.0/STM32CubeIDE/plugins/com.st.stm32cube.ide.mcu.externaltools.gnu-tools-for-stm32.13.3.rel1.win32_1.0.0.202411081344/tools/bin/../lib/gcc/arm-none-eabi/13.3.1/thumb/v7e-m+fp/hard/crtbegin.o
 *(.text*)
 .text.delay    0x080001c8       0x2c ./Src/008_spi_tx_rx.o
                0x080001c8                delay
 .text.SPI2_GPIOInits
                0x080001f4       0x64 ./Src/008_spi_tx_rx.o
                0x080001f4                SPI2_GPIOInits
 .text.GPIO_ButtonInit
                0x08000258       0x38 ./Src/008_spi_tx_rx.o
                0x08000258                GPIO_ButtonInit
 .text.SPI2_Inits
                0x08000290       0x48 ./Src/008_spi_tx_rx.o
                0x08000290                SPI2_Inits
 .text.SPI_VerifyResponse
                0x080002d8       0x22 ./Src/008_spi_tx_rx.o
                0x080002d8                SPI_VerifyResponse
 *fill*         0x080002fa        0x2 
 .text.wait_for_button_press
                0x080002fc       0x34 ./Src/008_spi_tx_rx.o
                0x080002fc                wait_for_button_press
 .text.main     0x08000330      0x2d4 ./Src/008_spi_tx_rx.o
                0x08000330                main
 .text.Reset_Handler
                0x08000604       0x50 ./Startup/startup_stm32f407vetx.o
                0x08000604                Reset_Handler
 .text.Default_Handler
                0x08000654        0x2 ./Startup/startup_stm32f407vetx.o
                0x08000654                RTC_Alarm_IRQHandler
                0x08000654                HASH_RNG_IRQHandler
                0x08000654                EXTI2_IRQHandler
                0x08000654                TIM8_CC_IRQHandler
                0x08000654                DebugMon_Handler
                0x08000654                TIM1_CC_IRQHandler
                0x08000654                DMA2_Stream5_IRQHandler
                0x08000654                HardFault_Handler
                0x08000654                DMA1_Stream5_IRQHandler
                0x08000654                SysTick_Handler
                0x08000654                PVD_IRQHandler
                0x08000654                SDIO_IRQHandler
                0x08000654                TAMP_STAMP_IRQHandler
                0x08000654                PendSV_Handler
                0x08000654                NMI_Handler
                0x08000654                CAN2_RX1_IRQHandler
                0x08000654                EXTI3_IRQHandler
                0x08000654                TIM8_TRG_COM_TIM14_IRQHandler
                0x08000654                TIM1_UP_TIM10_IRQHandler
                0x08000654                TIM8_UP_TIM13_IRQHandler
                0x08000654                I2C3_ER_IRQHandler
                0x08000654                EXTI0_IRQHandler
                0x08000654                I2C2_EV_IRQHandler
                0x08000654                DMA1_Stream2_IRQHandler
                0x08000654                CAN1_RX0_IRQHandler
                0x08000654                FPU_IRQHandler
                0x08000654                OTG_HS_WKUP_IRQHandler
                0x08000654                UsageFault_Handler
                0x08000654                CAN2_SCE_IRQHandler
                0x08000654                DMA2_Stream2_IRQHandler
                0x08000654                SPI1_IRQHandler
                0x08000654                TIM6_DAC_IRQHandler
                0x08000654                TIM1_BRK_TIM9_IRQHandler
                0x08000654                DCMI_IRQHandler
                0x08000654                CAN2_RX0_IRQHandler
                0x08000654                DMA2_Stream3_IRQHandler
                0x08000654                USART6_IRQHandler
                0x08000654                USART3_IRQHandler
                0x08000654                CRYP_IRQHandler
                0x08000654                CAN1_RX1_IRQHandler
                0x08000654                UART5_IRQHandler
                0x08000654                DMA2_Stream0_IRQHandler
                0x08000654                TIM4_IRQHandler
                0x08000654                I2C1_EV_IRQHandler
                0x08000654                DMA1_Stream6_IRQHandler
                0x08000654                DMA1_Stream1_IRQHandler
                0x08000654                UART4_IRQHandler
                0x08000654                TIM3_IRQHandler
                0x08000654                RCC_IRQHandler
                0x08000654                TIM8_BRK_TIM12_IRQHandler
                0x08000654                Default_Handler
                0x08000654                EXTI15_10_IRQHandler
                0x08000654                ADC_IRQHandler
                0x08000654                DMA1_Stream7_IRQHandler
                0x08000654                TIM7_IRQHandler
                0x08000654                CAN2_TX_IRQHandler
                0x08000654                TIM5_IRQHandler
                0x08000654                DMA2_Stream7_IRQHandler
                0x08000654                I2C3_EV_IRQHandler
                0x08000654                EXTI9_5_IRQHandler
                0x08000654                RTC_WKUP_IRQHandler
                0x08000654                ETH_WKUP_IRQHandler
                0x08000654                SPI2_IRQHandler
                0x08000654                OTG_HS_EP1_IN_IRQHandler
                0x08000654                MemManage_Handler
                0x08000654                DMA1_Stream0_IRQHandler
                0x08000654                CAN1_TX_IRQHandler
                0x08000654                SVC_Handler
                0x08000654                EXTI4_IRQHandler
                0x08000654                FSMC_IRQHandler
                0x08000654                ETH_IRQHandler
                0x08000654                OTG_HS_EP1_OUT_IRQHandler
                0x08000654                WWDG_IRQHandler
                0x08000654                TIM2_IRQHandler
                0x08000654                OTG_FS_WKUP_IRQHandler
                0x08000654                TIM1_TRG_COM_TIM11_IRQHandler
                0x08000654                OTG_HS_IRQHandler
                0x08000654                EXTI1_IRQHandler
                0x08000654                USART2_IRQHandler
                0x08000654                I2C2_ER_IRQHandler
                0x08000654                DMA2_Stream1_IRQHandler
                0x08000654                CAN1_SCE_IRQHandler
                0x08000654                DMA2_Stream4_IRQHandler
                0x08000654                BusFault_Handler
                0x08000654                USART1_IRQHandler
                0x08000654                OTG_FS_IRQHandler
                0x08000654                SPI3_IRQHandler
                0x08000654                DMA1_Stream4_IRQHandler
                0x08000654                I2C1_ER_IRQHandler
                0x08000654                DMA2_Stream6_IRQHandler
                0x08000654                DMA1_Stream3_IRQHandler
 *fill*         0x08000656        0x2 
 .text.GPIO_PeriClockControl
                0x08000658      0x1d0 ./drivers/Src/stm32f407xx_gpio_driver.o
                0x08000658                GPIO_PeriClockControl
 .text.GPIO_Init
                0x08000828      0x344 ./drivers/Src/stm32f407xx_gpio_driver.o
                0x08000828                GPIO_Init
 .text.GPIO_ReadFromInputPin
                0x08000b6c       0x2c ./drivers/Src/stm32f407xx_gpio_driver.o
                0x08000b6c                GPIO_ReadFromInputPin
 .text.SPI_PeriClockControl
                0x08000b98       0xb0 ./drivers/Src/stm32f407xx_spi_driver.o
                0x08000b98                SPI_PeriClockControl
 .text.SPI_Init
                0x08000c48       0xac ./drivers/Src/stm32f407xx_spi_driver.o
                0x08000c48                SPI_Init
 .text.SPI_PeripheralControl
                0x08000cf4       0x38 ./drivers/Src/stm32f407xx_spi_driver.o
                0x08000cf4                SPI_PeripheralControl
 .text.SPI_SSOEConfig
                0x08000d2c       0x38 ./drivers/Src/stm32f407xx_spi_driver.o
                0x08000d2c                SPI_SSOEConfig
 .text.SPI_SendData
                0x08000d64       0x68 ./drivers/Src/stm32f407xx_spi_driver.o
                0x08000d64                SPI_SendData
 .text.SPI_ReceiveData
                0x08000dcc       0x68 ./drivers/Src/stm32f407xx_spi_driver.o
                0x08000dcc                SPI_ReceiveData
 .text.memset   0x08000e34       0x10 E:/Software Installs/STM32CubeIDE_1.19.0/STM32CubeIDE/plugins/com.st.stm32cube.ide.mcu.externaltools.gnu-tools-for-stm32.13.3.rel1.win32_1.0.0.202411081344/tools/bin/../lib/gcc/arm-none-eabi/13.3.1/../../../../arm-none-eabi/lib/thumb/v7e-m+fp/hard\libc_nano.a(libc_a-memset.o)
                0x08000e34                memset
 .text.__libc_init_array
                0x08000e44       0x48 E:/Software Installs/STM32CubeIDE_1.19.0/STM32CubeIDE/plugins/com.st.stm32cube.ide.mcu.externaltools.gnu-tools-for-stm32.13.3.rel1.win32_1.0.0.202411081344/tools/bin/../lib/gcc/arm-none-eabi/13.3.1/../../../../arm-none-eabi/lib/thumb/v7e-m+fp/hard\libc_nano.a(libc_a-init.o)
                0x08000e44                __libc_init_array
 *(.glue_7)
 .glue_7        0x08000e8c        0x0 linker stubs
 *(.glue_7t)
 .glue_7t       0x08000e8c        0x0 linker stubs
 *(.eh_frame)
 .eh_frame      0x08000e8c        0x0 E:/Software Installs/STM32CubeIDE_1.19.0/STM32CubeIDE/plugins/com.st.stm32cube.ide.mcu.externaltools.gnu-tools-for-stm32.13.3.rel1.win32_1.0.0.202411081344/tools/bin/../lib/gcc/arm-none-eabi/13.3.1/thumb/v7e-m+fp/hard/crtbegin.o
 *(.init)
 .init          0x08000e8c        0x4 E:/Software Installs/STM32CubeIDE_1.19.0/STM32CubeIDE/plugins/com.st.stm32cube.ide.mcu.externaltools.gnu-tools-for-stm32.13.3.rel1.win32_1.0.0.202411081344/tools/bin/../lib/gcc/arm-none-eabi/13.3.1/thumb/v7e-m+fp/hard/crti.o
                0x08000e8c                _init
 .init          0x08000e90        0x8 E:/Software Installs/STM32CubeIDE_1.19.0/STM32CubeIDE/plugins/com.st.stm32cube.ide.mcu.externaltools.gnu-tools-for-stm32.13.3.rel1.win32_1.0.0.202411081344/tools/bin/../lib/gcc/arm-none-eabi/13.3.1/thumb/v7e-m+fp/hard/crtn.o
 *(.fini)
 .fini          0x08000e98        0x4 E:/Software Installs/STM32CubeIDE_1.19.0/STM32CubeIDE/plugins/com.st.stm32cube.ide.mcu.externaltools.gnu-tools-for-stm32.13.3.rel1.win32_1.0.0.202411081344/tools/bin/../lib/gcc/arm-none-eabi/13.3.1/thumb/v7e-m+fp/hard/crti.o
                0x08000e98                _fini
 .fini          0x08000e9c        0x8 E:/Software Installs/STM32CubeIDE_1.19.0/STM32CubeIDE/plugins/com.st.stm32cube.ide.mcu.externaltools.gnu-tools-for-stm32.13.3.rel1.win32_1.0.0.202411081344/tools/bin/../lib/gcc/arm-none-eabi/13.3.1/thumb/v7e-m+fp/hard/crtn.o
                0x08000ea4                        . = ALIGN (0x4)
                0x08000ea4                        _etext = .

.vfp11_veneer   0x08000ea4        0x0
 .vfp11_veneer  0x08000ea4        0x0 linker stubs

.v4_bx          0x08000ea4        0x0
 .v4_bx         0x08000ea4        0x0 linker stubs

.iplt           0x08000ea4        0x0
 .iplt          0x08000ea4        0x0 E:/Software Installs/STM32CubeIDE_1.19.0/STM32CubeIDE/plugins/com.st.stm32cube.ide.mcu.externaltools.gnu-tools-for-stm32.13.3.rel1.win32_1.0.0.202411081344/tools/bin/../lib/gcc/arm-none-eabi/13.3.1/thumb/v7e-m+fp/hard/crtbegin.o

.rodata         0x08000ea4       0x1c
                0x08000ea4                        . = ALIGN (0x4)
 *(.rodata)
 *(.rodata*)
 .rodata.user_message
                0x08000ea4       0x19 ./Src/008_spi_tx_rx.o
                0x08000ea4                user_message
                0x08000ec0                        . = ALIGN (0x4)
 *fill*         0x08000ebd        0x3 

.ARM.extab      0x08000ec0        0x0
                0x08000ec0                        . = ALIGN (0x4)
 *(.ARM.extab* .gnu.linkonce.armextab.*)
                0x08000ec0                        . = ALIGN (0x4)

.ARM            0x08000ec0        0x0
                0x08000ec0                        . = ALIGN (0x4)
                0x08000ec0                        __exidx_start = .
 *(.ARM.exidx*)
                0x08000ec0                        __exidx_end = .
                0x08000ec0                        . = ALIGN (0x4)

.preinit_array  0x08000ec0        0x0
                0x08000ec0                        . = ALIGN (0x4)
                0x08000ec0                        PROVIDE (__preinit_array_start = .)
 *(.preinit_array*)
                0x08000ec0                        PROVIDE (__preinit_array_end = .)
                0x08000ec0                        . = ALIGN (0x4)

.init_array     0x08000ec0        0x4
                0x08000ec0                        . = ALIGN (0x4)
                0x08000ec0                        PROVIDE (__init_array_start = .)
 *(SORT_BY_NAME(.init_array.*))
 *(.init_array*)
 .init_array    0x08000ec0        0x4 E:/Software Installs/STM32CubeIDE_1.19.0/STM32CubeIDE/plugins/com.st.stm32cube.ide.mcu.externaltools.gnu-tools-for-stm32.13.3.rel1.win32_1.0.0.202411081344/tools/bin/../lib/gcc/arm-none-eabi/13.3.1/thumb/v7e-m+fp/hard/crtbegin.o
                0x08000ec4                        PROVIDE (__init_array_end = .)
                0x08000ec4                        . = ALIGN (0x4)

.fini_array     0x08000ec4        0x4
                0x08000ec4                        . = ALIGN (0x4)
                [!provide]                        PROVIDE (__fini_array_start = .)
 *(SORT_BY_NAME(.fini_array.*))
 *(.fini_array*)
 .fini_array    0x08000ec4        0x4 E:/Software Installs/STM32CubeIDE_1.19.0/STM32CubeIDE/plugins/com.st.stm32cube.ide.mcu.externaltools.gnu-tools-for-stm32.13.3.rel1.win32_1.0.0.202411081344/tools/bin/../lib/gcc/arm-none-eabi/13.3.1/thumb/v7e-m+fp/hard/crtbegin.o
                [!provide]                        PROVIDE (__fini_array_end = .)
                0x08000ec8                        . = ALIGN (0x4)
                0x08000ec8                        _sidata = LOADADDR (.data)

.rel.dyn        0x08000ec8        0x0
 .rel.iplt      0x08000ec8        0x0 E:/Software Installs/STM32CubeIDE_1.19.0/STM32CubeIDE/plugins/com.st.stm32cube.ide.mcu.externaltools.gnu-tools-for-stm32.13.3.rel1.win32_1.0.0.202411081344/tools/bin/../lib/gcc/arm-none-eabi/13.3.1/thumb/v7e-m+fp/hard/crtbegin.o

.data           0x20000000        0x0 load address 0x08000ec8
                0x20000000                        . = ALIGN (0x4)
                0x20000000                        _sdata = .
 *(.data)
 *(.data*)
 *(.RamFunc)
 *(.RamFunc*)
                0x20000000                        . = ALIGN (0x4)
                0x20000000                        _edata = .
                0x08000ec8                        _siccmram = LOADADDR (.ccmram)

.igot.plt       0x20000000        0x0 load address 0x08000ec8
 .igot.plt      0x20000000        0x0 E:/Software Installs/STM32CubeIDE_1.19.0/STM32CubeIDE/plugins/com.st.stm32cube.ide.mcu.externaltools.gnu-tools-for-stm32.13.3.rel1.win32_1.0.0.202411081344/tools/bin/../lib/gcc/arm-none-eabi/13.3.1/thumb/v7e-m+fp/hard/crtbegin.o

.ccmram         0x10000000        0x0 load address 0x08000ec8
                0x10000000                        . = ALIGN (0x4)
                0x10000000                        _sccmram = .
 *(.ccmram)
 *(.ccmram*)
                0x10000000                        . = ALIGN (0x4)
                0x10000000                        _eccmram = .
                0x10000000                        . = ALIGN (0x4)

.bss            0x20000000       0x1c
                0x20000000                        _sbss = .
                0x20000000                        __bss_start__ = _sbss
 *(.bss)
 .bss           0x20000000       0x1c E:/Software Installs/STM32CubeIDE_1.19.0/STM32CubeIDE/plugins/com.st.stm32cube.ide.mcu.externaltools.gnu-tools-for-stm32.13.3.rel1.win32_1.0.0.202411081344/tools/bin/../lib/gcc/arm-none-eabi/13.3.1/thumb/v7e-m+fp/hard/crtbegin.o
 *(.bss*)
 *(COMMON)
                0x2000001c                        . = ALIGN (0x4)
                0x2000001c                        _ebss = .
                0x2000001c                        __bss_end__ = _ebss

._user_heap_stack
                0x2000001c      0x604
                0x20000020                        . = ALIGN (0x8)
 *fill*         0x2000001c        0x4 
                [!provide]                        PROVIDE (end = .)
                0x20000020                        PROVIDE (_end = .)
                0x20000220                        . = (. + _Min_Heap_Size)
 *fill*         0x20000020      0x200 
                0x20000620                        . = (. + _Min_Stack_Size)
 *fill*         0x20000220      0x400 
                0x20000620                        . = ALIGN (0x8)

/DISCARD/
 libc.a(*)
 libm.a(*)
 libgcc.a(*)

.ARM.attributes
                0x00000000       0x30
 *(.ARM.attributes)
 .ARM.attributes
                0x00000000       0x22 E:/Software Installs/STM32CubeIDE_1.19.0/STM32CubeIDE/plugins/com.st.stm32cube.ide.mcu.externaltools.gnu-tools-for-stm32.13.3.rel1.win32_1.0.0.202411081344/tools/bin/../lib/gcc/arm-none-eabi/13.3.1/thumb/v7e-m+fp/hard/crti.o
 .ARM.attributes
                0x00000022       0x34 E:/Software Installs/STM32CubeIDE_1.19.0/STM32CubeIDE/plugins/com.st.stm32cube.ide.mcu.externaltools.gnu-tools-for-stm32.13.3.rel1.win32_1.0.0.202411081344/tools/bin/../lib/gcc/arm-none-eabi/13.3.1/thumb/v7e-m+fp/hard/crtbegin.o
 .ARM.attributes
                0x00000056       0x34 ./Src/008_spi_tx_rx.o
 .ARM.attributes
                0x0000008a       0x21 ./Startup/startup_stm32f407vetx.o
 .ARM.attributes
                0x000000ab       0x34 ./drivers/Src/stm32f407xx_gpio_driver.o
 .ARM.attributes
                0x000000df       0x34 ./drivers/Src/stm32f407xx_spi_driver.o
 .ARM.attributes
                0x00000113       0x34 E:/Software Installs/STM32CubeIDE_1.19.0/STM32CubeIDE/plugins/com.st.stm32cube.ide.mcu.externaltools.gnu-tools-for-stm32.13.3.rel1.win32_1.0.0.202411081344/tools/bin/../lib/gcc/arm-none-eabi/13.3.1/../../../../arm-none-eabi/lib/thumb/v7e-m+fp/hard\libc_nano.a(libc_a-memset.o)
 .ARM.attributes
                0x00000147       0x34 E:/Software Installs/STM32CubeIDE_1.19.0/STM32CubeIDE/plugins/com.st.stm32cube.ide.mcu.externaltools.gnu-tools-for-stm32.13.3.rel1.win32_1.0.0.202411081344/tools/bin/../lib/gcc/arm-none-eabi/13.3.1/../../../../arm-none-eabi/lib/thumb/v7e-m+fp/hard\libc_nano.a(libc_a-init.o)
 .ARM.attributes
                0x0000017b       0x22 E:/Software Installs/STM32CubeIDE_1.19.0/STM32CubeIDE/plugins/com.st.stm32cube.ide.mcu.externaltools.gnu-tools-for-stm32.13.3.rel1.win32_1.0.0.202411081344/tools/bin/../lib/gcc/arm-none-eabi/13.3.1/thumb/v7e-m+fp/hard/crtn.o
OUTPUT(stm32f4xx_drivers.elf elf32-littlearm)
LOAD linker stubs
LOAD E:/Software Installs/STM32CubeIDE_1.19.0/STM32CubeIDE/plugins/com.st.stm32cube.ide.mcu.externaltools.gnu-tools-for-stm32.13.3.rel1.win32_1.0.0.202411081344/tools/bin/../lib/gcc/arm-none-eabi/13.3.1/../../../../arm-none-eabi/lib/thumb/v7e-m+fp/hard\libc.a
LOAD E:/Software Installs/STM32CubeIDE_1.19.0/STM32CubeIDE/plugins/com.st.stm32cube.ide.mcu.externaltools.gnu-tools-for-stm32.13.3.rel1.win32_1.0.0.202411081344/tools/bin/../lib/gcc/arm-none-eabi/13.3.1/../../../../arm-none-eabi/lib/thumb/v7e-m+fp/hard\libm.a
LOAD E:/Software Installs/STM32CubeIDE_1.19.0/STM32CubeIDE/plugins/com.st.stm32cube.ide.mcu.externaltools.gnu-tools-for-stm32.13.3.rel1.win32_1.0.0.202411081344/tools/bin/../lib/gcc/arm-none-eabi/13.3.1/thumb/v7e-m+fp/hard\libgcc.a

.debug_info     0x00000000     0x157e
 .debug_info    0x00000000      0x62f ./Src/008_spi_tx_rx.o
 .debug_info    0x0000062f       0x30 ./Startup/startup_stm32f407vetx.o
 .debug_info    0x0000065f      0x760 ./drivers/Src/stm32f407xx_gpio_driver.o
 .debug_info    0x00000dbf      0x7bf ./drivers/Src/stm32f407xx_spi_driver.o

.debug_abbrev   0x00000000      0x559
 .debug_abbrev  0x00000000      0x1d4 ./Src/008_spi_tx_rx.o
 .debug_abbrev  0x000001d4       0x24 ./Startup/startup_stm32f407vetx.o
 .debug_abbrev  0x000001f8      0x178 ./drivers/Src/stm32f407xx_gpio_driver.o
 .debug_abbrev  0x00000370      0x1e9 ./drivers/Src/stm32f407xx_spi_driver.o

.debug_aranges  0x00000000      0x168
 .debug_aranges
                0x00000000       0x50 ./Src/008_spi_tx_rx.o
 .debug_aranges
                0x00000050       0x28 ./Startup/startup_stm32f407vetx.o
 .debug_aranges
                0x00000078       0x70 ./drivers/Src/stm32f407xx_gpio_driver.o
 .debug_aranges
                0x000000e8       0x80 ./drivers/Src/stm32f407xx_spi_driver.o

.debug_rnglists
                0x00000000      0x104
 .debug_rnglists
                0x00000000       0x38 ./Src/008_spi_tx_rx.o
 .debug_rnglists
                0x00000038       0x19 ./Startup/startup_stm32f407vetx.o
 .debug_rnglists
                0x00000051       0x53 ./drivers/Src/stm32f407xx_gpio_driver.o
 .debug_rnglists
                0x000000a4       0x60 ./drivers/Src/stm32f407xx_spi_driver.o

.debug_macro    0x00000000     0x2433
 .debug_macro   0x00000000      0x1f9 ./Src/008_spi_tx_rx.o
 .debug_macro   0x000001f9      0xade ./Src/008_spi_tx_rx.o
 .debug_macro   0x00000cd7       0x22 ./Src/008_spi_tx_rx.o
 .debug_macro   0x00000cf9       0x8e ./Src/008_spi_tx_rx.o
 .debug_macro   0x00000d87       0x51 ./Src/008_spi_tx_rx.o
 .debug_macro   0x00000dd8      0x103 ./Src/008_spi_tx_rx.o
 .debug_macro   0x00000edb       0x6a ./Src/008_spi_tx_rx.o
 .debug_macro   0x00000f45      0x1df ./Src/008_spi_tx_rx.o
 .debug_macro   0x00001124       0x61 ./Src/008_spi_tx_rx.o
 .debug_macro   0x00001185       0x2a ./Src/008_spi_tx_rx.o
 .debug_macro   0x000011af       0x43 ./Src/008_spi_tx_rx.o
 .debug_macro   0x000011f2       0x34 ./Src/008_spi_tx_rx.o
 .debug_macro   0x00001226       0x16 ./Src/008_spi_tx_rx.o
 .debug_macro   0x0000123c       0x9e ./Src/008_spi_tx_rx.o
 .debug_macro   0x000012da      0x370 ./Src/008_spi_tx_rx.o
 .debug_macro   0x0000164a      0x112 ./Src/008_spi_tx_rx.o
 .debug_macro   0x0000175c       0x10 ./Src/008_spi_tx_rx.o
 .debug_macro   0x0000176c       0x16 ./Src/008_spi_tx_rx.o
 .debug_macro   0x00001782       0x4a ./Src/008_spi_tx_rx.o
 .debug_macro   0x000017cc       0x34 ./Src/008_spi_tx_rx.o
 .debug_macro   0x00001800       0x10 ./Src/008_spi_tx_rx.o
 .debug_macro   0x00001810       0x58 ./Src/008_spi_tx_rx.o
 .debug_macro   0x00001868       0x8e ./Src/008_spi_tx_rx.o
 .debug_macro   0x000018f6       0x1c ./Src/008_spi_tx_rx.o
 .debug_macro   0x00001912      0x185 ./Src/008_spi_tx_rx.o
 .debug_macro   0x00001a97       0x16 ./Src/008_spi_tx_rx.o
 .debug_macro   0x00001aad       0x16 ./Src/008_spi_tx_rx.o
 .debug_macro   0x00001ac3      0x146 ./Src/008_spi_tx_rx.o
 .debug_macro   0x00001c09      0x3a4 ./Src/008_spi_tx_rx.o
 .debug_macro   0x00001fad       0xc4 ./Src/008_spi_tx_rx.o
 .debug_macro   0x00002071       0xa0 ./Src/008_spi_tx_rx.o
 .debug_macro   0x00002111       0x16 ./Src/008_spi_tx_rx.o
 .debug_macro   0x00002127       0x3c ./Src/008_spi_tx_rx.o
 .debug_macro   0x00002163       0x20 ./Src/008_spi_tx_rx.o
 .debug_macro   0x00002183      0x158 ./drivers/Src/stm32f407xx_gpio_driver.o
 .debug_macro   0x000022db      0x158 ./drivers/Src/stm32f407xx_spi_driver.o

.debug_line     0x00000000     0x213d
 .debug_line    0x00000000      0x93e ./Src/008_spi_tx_rx.o
 .debug_line    0x0000093e       0x7b ./Startup/startup_stm32f407vetx.o
 .debug_line    0x000009b9      0xcbc ./drivers/Src/stm32f407xx_gpio_driver.o
 .debug_line    0x00001675      0xac8 ./drivers/Src/stm32f407xx_spi_driver.o

.debug_str      0x00000000     0x981f
 .debug_str     0x00000000     0x981f ./Src/008_spi_tx_rx.o
                               0x961c (size before relaxing)
 .debug_str     0x0000981f       0x93 ./Startup/startup_stm32f407vetx.o
 .debug_str     0x0000981f     0x931a ./drivers/Src/stm32f407xx_gpio_driver.o
 .debug_str     0x0000981f     0x9386 ./drivers/Src/stm32f407xx_spi_driver.o

.comment        0x00000000       0x43
 .comment       0x00000000       0x43 ./Src/008_spi_tx_rx.o
                                 0x44 (size before relaxing)
 .comment       0x00000043       0x44 ./drivers/Src/stm32f407xx_gpio_driver.o
 .comment       0x00000043       0x44 ./drivers/Src/stm32f407xx_spi_driver.o

.debug_frame    0x00000000      0x52c
 .debug_frame   0x00000000      0x108 ./Src/008_spi_tx_rx.o
 .debug_frame   0x00000108      0x1c8 ./drivers/Src/stm32f407xx_gpio_driver.o
 .debug_frame   0x000002d0      0x210 ./drivers/Src/stm32f407xx_spi_driver.o
 .debug_frame   0x000004e0       0x20 E:/Software Installs/STM32CubeIDE_1.19.0/STM32CubeIDE/plugins/com.st.stm32cube.ide.mcu.externaltools.gnu-tools-for-stm32.13.3.rel1.win32_1.0.0.202411081344/tools/bin/../lib/gcc/arm-none-eabi/13.3.1/../../../../arm-none-eabi/lib/thumb/v7e-m+fp/hard\libc_nano.a(libc_a-memset.o)
 .debug_frame   0x00000500       0x2c E:/Software Installs/STM32CubeIDE_1.19.0/STM32CubeIDE/plugins/com.st.stm32cube.ide.mcu.externaltools.gnu-tools-for-stm32.13.3.rel1.win32_1.0.0.202411081344/tools/bin/../lib/gcc/arm-none-eabi/13.3.1/../../../../arm-none-eabi/lib/thumb/v7e-m+fp/hard\libc_nano.a(libc_a-init.o)

.debug_line_str
                0x00000000       0x77
 .debug_line_str
                0x00000000       0x77 ./Startup/startup_stm32f407vetx.o
