Archive member included to satisfy reference by file (symbol)

E:/Software Installs/STM32CubeIDE_1.19.0/STM32CubeIDE/plugins/com.st.stm32cube.ide.mcu.externaltools.gnu-tools-for-stm32.13.3.rel1.win32_1.0.0.202411081344/tools/bin/../lib/gcc/arm-none-eabi/13.3.1/../../../../arm-none-eabi/lib/thumb/v7e-m+fp/hard\libc_nano.a(libc_a-exit.o)
                              E:/Software Installs/STM32CubeIDE_1.19.0/STM32CubeIDE/plugins/com.st.stm32cube.ide.mcu.externaltools.gnu-tools-for-stm32.13.3.rel1.win32_1.0.0.202411081344/tools/bin/../lib/gcc/arm-none-eabi/13.3.1/../../../../arm-none-eabi/lib/thumb/v7e-m+fp/hard/crt0.o (exit)
E:/Software Installs/STM32CubeIDE_1.19.0/STM32CubeIDE/plugins/com.st.stm32cube.ide.mcu.externaltools.gnu-tools-for-stm32.13.3.rel1.win32_1.0.0.202411081344/tools/bin/../lib/gcc/arm-none-eabi/13.3.1/../../../../arm-none-eabi/lib/thumb/v7e-m+fp/hard\libc_nano.a(libc_a-findfp.o)
                              E:/Software Installs/STM32CubeIDE_1.19.0/STM32CubeIDE/plugins/com.st.stm32cube.ide.mcu.externaltools.gnu-tools-for-stm32.13.3.rel1.win32_1.0.0.202411081344/tools/bin/../lib/gcc/arm-none-eabi/13.3.1/../../../../arm-none-eabi/lib/thumb/v7e-m+fp/hard\libc_nano.a(libc_a-exit.o) (__stdio_exit_handler)
E:/Software Installs/STM32CubeIDE_1.19.0/STM32CubeIDE/plugins/com.st.stm32cube.ide.mcu.externaltools.gnu-tools-for-stm32.13.3.rel1.win32_1.0.0.202411081344/tools/bin/../lib/gcc/arm-none-eabi/13.3.1/../../../../arm-none-eabi/lib/thumb/v7e-m+fp/hard\libc_nano.a(libc_a-fwalk.o)
                              E:/Software Installs/STM32CubeIDE_1.19.0/STM32CubeIDE/plugins/com.st.stm32cube.ide.mcu.externaltools.gnu-tools-for-stm32.13.3.rel1.win32_1.0.0.202411081344/tools/bin/../lib/gcc/arm-none-eabi/13.3.1/../../../../arm-none-eabi/lib/thumb/v7e-m+fp/hard\libc_nano.a(libc_a-findfp.o) (_fwalk_sglue)
E:/Software Installs/STM32CubeIDE_1.19.0/STM32CubeIDE/plugins/com.st.stm32cube.ide.mcu.externaltools.gnu-tools-for-stm32.13.3.rel1.win32_1.0.0.202411081344/tools/bin/../lib/gcc/arm-none-eabi/13.3.1/../../../../arm-none-eabi/lib/thumb/v7e-m+fp/hard\libc_nano.a(libc_a-stdio.o)
                              E:/Software Installs/STM32CubeIDE_1.19.0/STM32CubeIDE/plugins/com.st.stm32cube.ide.mcu.externaltools.gnu-tools-for-stm32.13.3.rel1.win32_1.0.0.202411081344/tools/bin/../lib/gcc/arm-none-eabi/13.3.1/../../../../arm-none-eabi/lib/thumb/v7e-m+fp/hard\libc_nano.a(libc_a-findfp.o) (__sread)
E:/Software Installs/STM32CubeIDE_1.19.0/STM32CubeIDE/plugins/com.st.stm32cube.ide.mcu.externaltools.gnu-tools-for-stm32.13.3.rel1.win32_1.0.0.202411081344/tools/bin/../lib/gcc/arm-none-eabi/13.3.1/../../../../arm-none-eabi/lib/thumb/v7e-m+fp/hard\libc_nano.a(libc_a-memset.o)
                              E:/Software Installs/STM32CubeIDE_1.19.0/STM32CubeIDE/plugins/com.st.stm32cube.ide.mcu.externaltools.gnu-tools-for-stm32.13.3.rel1.win32_1.0.0.202411081344/tools/bin/../lib/gcc/arm-none-eabi/13.3.1/../../../../arm-none-eabi/lib/thumb/v7e-m+fp/hard/crt0.o (memset)
E:/Software Installs/STM32CubeIDE_1.19.0/STM32CubeIDE/plugins/com.st.stm32cube.ide.mcu.externaltools.gnu-tools-for-stm32.13.3.rel1.win32_1.0.0.202411081344/tools/bin/../lib/gcc/arm-none-eabi/13.3.1/../../../../arm-none-eabi/lib/thumb/v7e-m+fp/hard\libc_nano.a(libc_a-closer.o)
                              E:/Software Installs/STM32CubeIDE_1.19.0/STM32CubeIDE/plugins/com.st.stm32cube.ide.mcu.externaltools.gnu-tools-for-stm32.13.3.rel1.win32_1.0.0.202411081344/tools/bin/../lib/gcc/arm-none-eabi/13.3.1/../../../../arm-none-eabi/lib/thumb/v7e-m+fp/hard\libc_nano.a(libc_a-stdio.o) (_close_r)
E:/Software Installs/STM32CubeIDE_1.19.0/STM32CubeIDE/plugins/com.st.stm32cube.ide.mcu.externaltools.gnu-tools-for-stm32.13.3.rel1.win32_1.0.0.202411081344/tools/bin/../lib/gcc/arm-none-eabi/13.3.1/../../../../arm-none-eabi/lib/thumb/v7e-m+fp/hard\libc_nano.a(libc_a-reent.o)
                              E:/Software Installs/STM32CubeIDE_1.19.0/STM32CubeIDE/plugins/com.st.stm32cube.ide.mcu.externaltools.gnu-tools-for-stm32.13.3.rel1.win32_1.0.0.202411081344/tools/bin/../lib/gcc/arm-none-eabi/13.3.1/../../../../arm-none-eabi/lib/thumb/v7e-m+fp/hard\libc_nano.a(libc_a-closer.o) (errno)
E:/Software Installs/STM32CubeIDE_1.19.0/STM32CubeIDE/plugins/com.st.stm32cube.ide.mcu.externaltools.gnu-tools-for-stm32.13.3.rel1.win32_1.0.0.202411081344/tools/bin/../lib/gcc/arm-none-eabi/13.3.1/../../../../arm-none-eabi/lib/thumb/v7e-m+fp/hard\libc_nano.a(libc_a-impure.o)
                              E:/Software Installs/STM32CubeIDE_1.19.0/STM32CubeIDE/plugins/com.st.stm32cube.ide.mcu.externaltools.gnu-tools-for-stm32.13.3.rel1.win32_1.0.0.202411081344/tools/bin/../lib/gcc/arm-none-eabi/13.3.1/../../../../arm-none-eabi/lib/thumb/v7e-m+fp/hard\libc_nano.a(libc_a-reent.o) (_impure_ptr)
[...]
Memory Configuration

Name             Origin             Length             Attributes
CCMRAM           0x10000000         0x00010000         xrw
RAM              0x20000000         0x00020000         xrw
FLASH            0x08000000         0x00080000         xr
*default*        0x00000000         0xffffffff

Linker script and memory map

LOAD E:/Software Installs/STM32CubeIDE_1.19.0/STM32CubeIDE/plugins/com.st.stm32cube.ide.mcu.externaltools.gnu-tools-for-stm32.13.3.rel1.win32_1.0.0.202411081344/tools/bin/../lib/gcc/arm-none-eabi/13.3.1/thumb/v7e-m+fp/hard/crti.o
LOAD E:/Software Installs/STM32CubeIDE_1.19.0/STM32CubeIDE/plugins/com.st.stm32cube.ide.mcu.externaltools.gnu-tools-for-stm32.13.3.rel1.win32_1.0.0.202411081344/tools/bin/../lib/gcc/arm-none-eabi/13.3.1/thumb/v7e-m+fp/hard/crtbegin.o
LOAD E:/Software Installs/STM32CubeIDE_1.19.0/STM32CubeIDE/plugins/com.st.stm32cube.ide.mcu.externaltools.gnu-tools-for-stm32.13.3.rel1.win32_1.0.0.202411081344/tools/bin/../lib/gcc/arm-none-eabi/13.3.1/../../../../arm-none-eabi/lib/thumb/v7e-m+fp/hard/crt0.o
LOAD ./Src/011_usart_tx.o
LOAD ./Src/syscalls.o
LOAD ./Src/sysmem.o
LOAD ./Startup/startup_stm32f407vetx.o
LOAD ./drivers/Src/stm32f407xx_gpio_driver.o
LOAD ./drivers/Src/stm32f407xx_i2c_driver.o
LOAD ./drivers/Src/stm32f407xx_spi_driver.o
LOAD ./drivers/Src/stm32f407xx_usart_driver.o
START GROUP
LOAD E:/Software Installs/STM32CubeIDE_1.19.0/STM32CubeIDE/plugins/com.st.stm32cube.ide.mcu.externaltools.gnu-tools-for-stm32.13.3.rel1.win32_1.0.0.202411081344/tools/bin/../lib/gcc/arm-none-eabi/13.3.1/../../../../arm-none-eabi/lib/thumb/v7e-m+fp/hard\libc_nano.a
LOAD E:/Software Installs/STM32CubeIDE_1.19.0/STM32CubeIDE/plugins/com.st.stm32cube.ide.mcu.externaltools.gnu-tools-for-stm32.13.3.rel1.win32_1.0.0.202411081344/tools/bin/../lib/gcc/arm-none-eabi/13.3.1/../../../../arm-none-eabi/lib/thumb/v7e-m+fp/hard\libm.a
END GROUP
START GROUP
LOAD E:/Software Installs/STM32CubeIDE_1.19.0/STM32CubeIDE/plugins/com.st.stm32cube.ide.mcu.externaltools.gnu-tools-for-stm32.13.3.rel1.win32_1.0.0.202411081344/tools/bin/../lib/gcc/arm-none-eabi/13.3.1/thumb/v7e-m+fp/hard\libgcc.a
LOAD E:/Software Installs/STM32CubeIDE_1.19.0/STM32CubeIDE/plugins/com.st.stm32cube.ide.mcu.externaltools.gnu-tools-for-stm32.13.3.rel1.win32_1.0.0.202411081344/tools/bin/../lib/gcc/arm-none-eabi/13.3.1/../../../../arm-none-eabi/lib/thumb/v7e-m+fp/hard\libc_nano.a
END GROUP
START GROUP
LOAD E:/Software Installs/STM32CubeIDE_1.19.0/STM32CubeIDE/plugins/com.st.stm32cube.ide.mcu.externaltools.gnu-tools-for-stm32.13.3.rel1.win32_1.0.0.202411081344/tools/bin/../lib/gcc/arm-none-eabi/13.3.1/thumb/v7e-m+fp/hard\libgcc.a
LOAD E:/Software Installs/STM32CubeIDE_1.19.0/STM32CubeIDE/plugins/com.st.stm32cube.ide.mcu.externaltools.gnu-tools-for-stm32.13.3.rel1.win32_1.0.0.202411081344/tools/bin/../lib/gcc/arm-none-eabi/13.3.1/../../../../arm-none-eabi/lib/thumb/v7e-m+fp/hard\libc_nano.a
LOAD E:/Software Installs/STM32CubeIDE_1.19.0/STM32CubeIDE/plugins/com.st.stm32cube.ide.mcu.externaltools.gnu-tools-for-stm32.13.3.rel1.win32_1.0.0.202411081344/tools/bin/../lib/gcc/arm-none-eabi/13.3.1/../../../../arm-none-eabi/lib/thumb/v7e-m+fp/hard\libnosys.a
END GROUP
START GROUP
LOAD E:/Software Installs/STM32CubeIDE_1.19.0/STM32CubeIDE/plugins/com.st.stm32cube.ide.mcu.externaltools.gnu-tools-for-stm32.13.3.rel1.win32_1.0.0.202411081344/tools/bin/../lib/gcc/arm-none-eabi/13.3.1/thumb/v7e-m+fp/hard\libgcc.a
LOAD E:/Software Installs/STM32CubeIDE_1.19.0/STM32CubeIDE/plugins/com.st.stm32cube.ide.mcu.externaltools.gnu-tools-for-stm32.13.3.rel1.win32_1.0.0.202411081344/tools/bin/../lib/gcc/arm-none-eabi/13.3.1/../../../../arm-none-eabi/lib/thumb/v7e-m+fp/hard\libc_nano.a
LOAD E:/Software Installs/STM32CubeIDE_1.19.0/STM32CubeIDE/plugins/com.st.stm32cube.ide.mcu.externaltools.gnu-tools-for-stm32.13.3.rel1.win32_1.0.0.202411081344/tools/bin/../lib/gcc/arm-none-eabi/13.3.1/../../../../arm-none-eabi/lib/thumb/v7e-m+fp/hard\libnosys.a
END GROUP
LOAD E:/Software Installs/STM32CubeIDE_1.19.0/STM32CubeIDE/plugins/com.st.stm32cube.ide.mcu.externaltools.gnu-tools-for-stm32.13.3.rel1.win32_1.0.0.202411081344/tools/bin/../lib/gcc/arm-none-eabi/13.3.1/thumb/v7e-m+fp/hard/crtend.o
LOAD E:/Software Installs/STM32CubeIDE_1.19.0/STM32CubeIDE/plugins/com.st.stm32cube.ide.mcu.externaltools.gnu-tools-for-stm32.13.3.rel1.win32_1.0.0.202411081344/tools/bin/../lib/gcc/arm-none-eabi/13.3.1/thumb/v7e-m+fp/hard/crtn.o
                0x20020000                        _estack = (ORIGIN (RAM) + LENGTH (RAM))
                0x00000200                        _Min_Heap_Size = 0x200
                0x00000400                        _Min_Stack_Size = 0x400

.isr_vector     0x08000000      0x188
                0x08000000                        . = ALIGN (0x4)
 *(.isr_vector)
 .isr_vector    0x08000000      0x188 ./Startup/startup_stm32f407vetx.o
                0x08000000                g_pfnVectors
                0x08000188                        . = ALIGN (0x4)

.text           0x08000188      0xd0c
                0x08000188                        . = ALIGN (0x4)
 *(.text)
 .text          0x08000188       0x40 E:/Software Installs/STM32CubeIDE_1.19.0/STM32CubeIDE/plugins/com.st.stm32cube.ide.mcu.externaltools.gnu-tools-for-stm32.13.3.rel1.win32_1.0.0.202411081344/tools/bin/../lib/gcc/arm-none-eabi/13.3.1/thumb/v7e-m+fp/hard/crtbegin.o
 .text          0x080001c8       0x10 E:/Software Installs/STM32CubeIDE_1.19.0/STM32CubeIDE/plugins/com.st.stm32cube.ide.mcu.externaltools.gnu-tools-for-stm32.13.3.rel1.win32_1.0.0.202411081344/tools/bin/../lib/gcc/arm-none-eabi/13.3.1/../../../../arm-none-eabi/lib/thumb/v7e-m+fp/hard\libc_nano.a(libc_a-strlen.o)
                0x080001c8                strlen
 *(.text*)
 .text.delay    0x080001d8       0x2c ./Src/011_usart_tx.o
                0x080001d8                delay
 .text.USART2_GPIOInits
                0x08000204       0x4c ./Src/011_usart_tx.o
                0x08000204                USART2_GPIOInits
 .text.USART2_Inits
                0x08000250       0x44 ./Src/011_usart_tx.o
                0x08000250                USART2_Inits
 .text.GPIO_ButtonInit
                0x08000294       0x38 ./Src/011_usart_tx.o
                0x08000294                GPIO_ButtonInit
 .text.main     0x080002cc       0x68 ./Src/011_usart_tx.o
                0x080002cc                main
 .text.Reset_Handler
                0x08000334       0x50 ./Startup/startup_stm32f407vetx.o
                0x08000334                Reset_Handler
 .text.Default_Handler
                0x08000384        0x2 ./Startup/startup_stm32f407vetx.o
                0x08000384                RTC_Alarm_IRQHandler
                0x08000384                HASH_RNG_IRQHandler
                0x08000384                EXTI2_IRQHandler
                0x08000384                TIM8_CC_IRQHandler
                0x08000384                DebugMon_Handler
                0x08000384                TIM1_CC_IRQHandler
                0x08000384                DMA2_Stream5_IRQHandler
                0x08000384                HardFault_Handler
                0x08000384                DMA1_Stream5_IRQHandler
                0x08000384                SysTick_Handler
                0x08000384                PVD_IRQHandler
                0x08000384                SDIO_IRQHandler
                0x08000384                TAMP_STAMP_IRQHandler
                0x08000384                PendSV_Handler
                0x08000384                NMI_Handler
                0x08000384                CAN2_RX1_IRQHandler
                0x08000384                EXTI3_IRQHandler
                0x08000384                TIM8_TRG_COM_TIM14_IRQHandler
                0x08000384                TIM1_UP_TIM10_IRQHandler
                0x08000384                TIM8_UP_TIM13_IRQHandler
                0x08000384                I2C3_ER_IRQHandler
                0x08000384                EXTI0_IRQHandler
                0x08000384                I2C2_EV_IRQHandler
                0x08000384                DMA1_Stream2_IRQHandler
                0x08000384                CAN1_RX0_IRQHandler
                0x08000384                FPU_IRQHandler
                0x08000384                OTG_HS_WKUP_IRQHandler
                0x08000384                UsageFault_Handler
                0x08000384                CAN2_SCE_IRQHandler
                0x08000384                DMA2_Stream2_IRQHandler
                0x08000384                SPI1_IRQHandler
                0x08000384                TIM6_DAC_IRQHandler
                0x08000384                TIM1_BRK_TIM9_IRQHandler
                0x08000384                DCMI_IRQHandler
                0x08000384                CAN2_RX0_IRQHandler
                0x08000384                DMA2_Stream3_IRQHandler
                0x08000384                USART6_IRQHandler
                0x08000384                USART3_IRQHandler
                0x08000384                CRYP_IRQHandler
                0x08000384                CAN1_RX1_IRQHandler
                0x08000384                UART5_IRQHandler
                0x08000384                DMA2_Stream0_IRQHandler
                0x08000384                TIM4_IRQHandler
                0x08000384                I2C1_EV_IRQHandler
                0x08000384                DMA1_Stream6_IRQHandler
                0x08000384                DMA1_Stream1_IRQHandler
                0x08000384                UART4_IRQHandler
                0x08000384                TIM3_IRQHandler
                0x08000384                RCC_IRQHandler
                0x08000384                TIM8_BRK_TIM12_IRQHandler
                0x08000384                Default_Handler
                0x08000384                EXTI15_10_IRQHandler
                0x08000384                ADC_IRQHandler
                0x08000384                DMA1_Stream7_IRQHandler
                0x08000384                TIM7_IRQHandler
                0x08000384                CAN2_TX_IRQHandler
                0x08000384                TIM5_IRQHandler
                0x08000384                DMA2_Stream7_IRQHandler
                0x08000384                I2C3_EV_IRQHandler
                0x08000384                EXTI9_5_IRQHandler
                0x08000384                RTC_WKUP_IRQHandler
                0x08000384                ETH_WKUP_IRQHandler
                0x08000384                SPI2_IRQHandler
                0x08000384                OTG_HS_EP1_IN_IRQHandler
                0x08000384                MemManage_Handler
                0x08000384                DMA1_Stream0_IRQHandler
                0x08000384                CAN1_TX_IRQHandler
                0x08000384                SVC_Handler
                0x08000384                EXTI4_IRQHandler
                0x08000384                FSMC_IRQHandler
                0x08000384                ETH_IRQHandler
                0x08000384                OTG_HS_EP1_OUT_IRQHandler
                0x08000384                WWDG_IRQHandler
                0x08000384                TIM2_IRQHandler
                0x08000384                OTG_FS_WKUP_IRQHandler
                0x08000384                TIM1_TRG_COM_TIM11_IRQHandler
                0x08000384                OTG_HS_IRQHandler
                0x08000384                EXTI1_IRQHandler
                0x08000384                USART2_IRQHandler
                0x08000384                I2C2_ER_IRQHandler
                0x08000384                DMA2_Stream1_IRQHandler
                0x08000384                CAN1_SCE_IRQHandler
                0x08000384                DMA2_Stream4_IRQHandler
                0x08000384                BusFault_Handler
                0x08000384                USART1_IRQHandler
                0x08000384                OTG_FS_IRQHandler
                0x08000384                SPI3_IRQHandler
                0x08000384                DMA1_Stream4_IRQHandler
                0x08000384                I2C1_ER_IRQHandler
                0x08000384                DMA2_Stream6_IRQHandler
                0x08000384                DMA1_Stream3_IRQHandler
 *fill*         0x08000386        0x2 
 .text.GPIO_PeriClockControl
                0x08000388      0x1d0 ./drivers/Src/stm32f407xx_gpio_driver.o
                0x08000388                GPIO_PeriClockControl
 .text.GPIO_Init
                0x08000558      0x344 ./drivers/Src/stm32f407xx_gpio_driver.o
                0x08000558                GPIO_Init
 .text.GPIO_ReadFromInputPin
                0x0800089c       0x2c ./drivers/Src/stm32f407xx_gpio_driver.o
                0x0800089c                GPIO_ReadFromInputPin
 .text.RCC_GetPCLK1Value
                0x080008c8       0xac ./drivers/Src/stm32f407xx_usart_driver.o
 .text.RCC_GetPCLK2Value
                0x08000974       0xac ./drivers/Src/stm32f407xx_usart_driver.o
 .text.USART_PeriClockControl
                0x08000a20       0xe4 ./drivers/Src/stm32f407xx_usart_driver.o
                0x08000a20                USART_PeriClockControl
 .text.USART_Init
                0x08000b04      0x196 ./drivers/Src/stm32f407xx_usart_driver.o
                0x08000b04                USART_Init
 .text.USART_SendData
                0x08000c9a       0x7e ./drivers/Src/stm32f407xx_usart_driver.o
                0x08000c9a                USART_SendData
 .text.USART_PeripheralControl
                0x08000d18       0x38 ./drivers/Src/stm32f407xx_usart_driver.o
                0x08000d18                USART_PeripheralControl
 .text.USART_SetBaudRate
                0x08000d50       0xe4 ./drivers/Src/stm32f407xx_usart_driver.o
                0x08000d50                USART_SetBaudRate
 .text.__libc_init_array
                0x08000e34       0x48 E:/Software Installs/STM32CubeIDE_1.19.0/STM32CubeIDE/plugins/com.st.stm32cube.ide.mcu.externaltools.gnu-tools-for-stm32.13.3.rel1.win32_1.0.0.202411081344/tools/bin/../lib/gcc/arm-none-eabi/13.3.1/../../../../arm-none-eabi/lib/thumb/v7e-m+fp/hard\libc_nano.a(libc_a-init.o)
                0x08000e34                __libc_init_array
 *(.glue_7)
 .glue_7        0x08000e7c        0x0 linker stubs
 *(.glue_7t)
 .glue_7t       0x08000e7c        0x0 linker stubs
 *(.eh_frame)
 .eh_frame      0x08000e7c        0x0 E:/Software Installs/STM32CubeIDE_1.19.0/STM32CubeIDE/plugins/com.st.stm32cube.ide.mcu.externaltools.gnu-tools-for-stm32.13.3.rel1.win32_1.0.0.202411081344/tools/bin/../lib/gcc/arm-none-eabi/13.3.1/thumb/v7e-m+fp/hard/crtbegin.o
 *(.init)
 .init          0x08000e7c        0x4 E:/Software Installs/STM32CubeIDE_1.19.0/STM32CubeIDE/plugins/com.st.stm32cube.ide.mcu.externaltools.gnu-tools-for-stm32.13.3.rel1.win32_1.0.0.202411081344/tools/bin/../lib/gcc/arm-none-eabi/13.3.1/thumb/v7e-m+fp/hard/crti.o
                0x08000e7c                _init
 .init          0x08000e80        0x8 E:/Software Installs/STM32CubeIDE_1.19.0/STM32CubeIDE/plugins/com.st.stm32cube.ide.mcu.externaltools.gnu-tools-for-stm32.13.3.rel1.win32_1.0.0.202411081344/tools/bin/../lib/gcc/arm-none-eabi/13.3.1/thumb/v7e-m+fp/hard/crtn.o
 *(.fini)
 .fini          0x08000e88        0x4 E:/Software Installs/STM32CubeIDE_1.19.0/STM32CubeIDE/plugins/com.st.stm32cube.ide.mcu.externaltools.gnu-tools-for-stm32.13.3.rel1.win32_1.0.0.202411081344/tools/bin/../lib/gcc/arm-none-eabi/13.3.1/thumb/v7e-m+fp/hard/crti.o
                0x08000e88                _fini
 .fini          0x08000e8c        0x8 E:/Software Installs/STM32CubeIDE_1.19.0/STM32CubeIDE/plugins/com.st.stm32cube.ide.mcu.externaltools.gnu-tools-for-stm32.13.3.rel1.win32_1.0.0.202411081344/tools/bin/../lib/gcc/arm-none-eabi/13.3.1/thumb/v7e-m+fp/hard/crtn.o
                0x08000e94                        . = ALIGN (0x4)
                0x08000e94                        _etext = .

.vfp11_veneer   0x08000e94        0x0
 .vfp11_veneer  0x08000e94        0x0 linker stubs

.v4_bx          0x08000e94        0x0
 .v4_bx         0x08000e94        0x0 linker stubs

.iplt           0x08000e94        0x0
 .iplt          0x08000e94        0x0 E:/Software Installs/STM32CubeIDE_1.19.0/STM32CubeIDE/plugins/com.st.stm32cube.ide.mcu.externaltools.gnu-tools-for-stm32.13.3.rel1.win32_1.0.0.202411081344/tools/bin/../lib/gcc/arm-none-eabi/13.3.1/thumb/v7e-m+fp/hard/crtbegin.o

.rodata         0x08000e94       0x18
                0x08000e94                        . = ALIGN (0x4)
 *(.rodata)
 *(.rodata*)
 .rodata.AHB_PreScaler
                0x08000e94       0x10 ./drivers/Src/stm32f407xx_usart_driver.o
 .rodata.APB1_PreScaler
                0x08000ea4        0x4 ./drivers/Src/stm32f407xx_usart_driver.o
 .rodata.APB2_PreScaler
                0x08000ea8        0x4 ./drivers/Src/stm32f407xx_usart_driver.o
                0x08000eac                        . = ALIGN (0x4)

.ARM.extab      0x08000eac        0x0
                0x08000eac                        . = ALIGN (0x4)
 *(.ARM.extab* .gnu.linkonce.armextab.*)
                0x08000eac                        . = ALIGN (0x4)

.ARM            0x08000eac        0x8
                0x08000eac                        . = ALIGN (0x4)
                0x08000eac                        __exidx_start = .
 *(.ARM.exidx*)
 .ARM.exidx     0x08000eac        0x8 E:/Software Installs/STM32CubeIDE_1.19.0/STM32CubeIDE/plugins/com.st.stm32cube.ide.mcu.externaltools.gnu-tools-for-stm32.13.3.rel1.win32_1.0.0.202411081344/tools/bin/../lib/gcc/arm-none-eabi/13.3.1/../../../../arm-none-eabi/lib/thumb/v7e-m+fp/hard\libc_nano.a(libc_a-strlen.o)
                0x08000eb4                        __exidx_end = .
                0x08000eb4                        . = ALIGN (0x4)

.preinit_array  0x08000eb4        0x0
                0x08000eb4                        . = ALIGN (0x4)
                0x08000eb4                        PROVIDE (__preinit_array_start = .)
 *(.preinit_array*)
                0x08000eb4                        PROVIDE (__preinit_array_end = .)
                0x08000eb4                        . = ALIGN (0x4)

.init_array     0x08000eb4        0x4
                0x08000eb4                        . = ALIGN (0x4)
                0x08000eb4                        PROVIDE (__init_array_start = .)
 *(SORT_BY_NAME(.init_array.*))
 *(.init_array*)
 .init_array    0x08000eb4        0x4 E:/Software Installs/STM32CubeIDE_1.19.0/STM32CubeIDE/plugins/com.st.stm32cube.ide.mcu.externaltools.gnu-tools-for-stm32.13.3.rel1.win32_1.0.0.202411081344/tools/bin/../lib/gcc/arm-none-eabi/13.3.1/thumb/v7e-m+fp/hard/crtbegin.o
                0x08000eb8                        PROVIDE (__init_array_end = .)
                0x08000eb8                        . = ALIGN (0x4)

.fini_array     0x08000eb8        0x4
                0x08000eb8                        . = ALIGN (0x4)
                [!provide]                        PROVIDE (__fini_array_start = .)
 *(SORT_BY_NAME(.fini_array.*))
 *(.fini_array*)
 .fini_array    0x08000eb8        0x4 E:/Software Installs/STM32CubeIDE_1.19.0/STM32CubeIDE/plugins/com.st.stm32cube.ide.mcu.externaltools.gnu-tools-for-stm32.13.3.rel1.win32_1.0.0.202411081344/tools/bin/../lib/gcc/arm-none-eabi/13.3.1/thumb/v7e-m+fp/hard/crtbegin.o
                [!provide]                        PROVIDE (__fini_array_end = .)
                0x08000ebc                        . = ALIGN (0x4)
                0x08000ebc                        _sidata = LOADADDR (.data)

.rel.dyn        0x08000ebc        0x0
 .rel.iplt      0x08000ebc        0x0 E:/Software Installs/STM32CubeIDE_1.19.0/STM32CubeIDE/plugins/com.st.stm32cube.ide.mcu.externaltools.gnu-tools-for-stm32.13.3.rel1.win32_1.0.0.202411081344/tools/bin/../lib/gcc/arm-none-eabi/13.3.1/thumb/v7e-m+fp/hard/crtbegin.o

.data           0x20000000      0x400 load address 0x08000ebc
                0x20000000                        . = ALIGN (0x4)
                0x20000000                        _sdata = .
 *(.data)
 *(.data*)
 .data.msg      0x20000000      0x400 ./Src/011_usart_tx.o
                0x20000000                msg
 *(.RamFunc)
 *(.RamFunc*)
                0x20000400                        . = ALIGN (0x4)
                0x20000400                        _edata = .
                0x080012bc                        _siccmram = LOADADDR (.ccmram)

.igot.plt       0x20000400        0x0 load address 0x080012bc
 .igot.plt      0x20000400        0x0 E:/Software Installs/STM32CubeIDE_1.19.0/STM32CubeIDE/plugins/com.st.stm32cube.ide.mcu.externaltools.gnu-tools-for-stm32.13.3.rel1.win32_1.0.0.202411081344/tools/bin/../lib/gcc/arm-none-eabi/13.3.1/thumb/v7e-m+fp/hard/crtbegin.o

.ccmram         0x10000000        0x0 load address 0x080012bc
                0x10000000                        . = ALIGN (0x4)
                0x10000000                        _sccmram = .
 *(.ccmram)
 *(.ccmram*)
                0x10000000                        . = ALIGN (0x4)
                0x10000000                        _eccmram = .
                0x10000000                        . = ALIGN (0x4)

.bss            0x20000400       0x40
                0x20000400                        _sbss = .
                0x20000400                        __bss_start__ = _sbss
 *(.bss)
 .bss           0x20000400       0x1c E:/Software Installs/STM32CubeIDE_1.19.0/STM32CubeIDE/plugins/com.st.stm32cube.ide.mcu.externaltools.gnu-tools-for-stm32.13.3.rel1.win32_1.0.0.202411081344/tools/bin/../lib/gcc/arm-none-eabi/13.3.1/thumb/v7e-m+fp/hard/crtbegin.o
 *(.bss*)
 .bss.usart2_handle
                0x2000041c       0x24 ./Src/011_usart_tx.o
                0x2000041c                usart2_handle
 *(COMMON)
                0x20000440                        . = ALIGN (0x4)
                0x20000440                        _ebss = .
                0x20000440                        __bss_end__ = _ebss

._user_heap_stack
                0x20000440      0x600
                0x20000440                        . = ALIGN (0x8)
                [!provide]                        PROVIDE (end = .)
                0x20000440                        PROVIDE (_end = .)
                0x20000640                        . = (. + _Min_Heap_Size)
 *fill*         0x20000440      0x200 
                0x20000a40                        . = (. + _Min_Stack_Size)
 *fill*         0x20000640      0x400 
                0x20000a40                        . = ALIGN (0x8)

/DISCARD/
 libc.a(*)
 libm.a(*)
 libgcc.a(*)

.ARM.attributes
                0x00000000       0x30
 *(.ARM.attributes)
 .ARM.attributes
                0x00000000       0x22 E:/Software Installs/STM32CubeIDE_1.19.0/STM32CubeIDE/plugins/com.st.stm32cube.ide.mcu.externaltools.gnu-tools-for-stm32.13.3.rel1.win32_1.0.0.202411081344/tools/bin/../lib/gcc/arm-none-eabi/13.3.1/thumb/v7e-m+fp/hard/crti.o
 .ARM.attributes
                0x00000022       0x34 E:/Software Installs/STM32CubeIDE_1.19.0/STM32CubeIDE/plugins/com.st.stm32cube.ide.mcu.externaltools.gnu-tools-for-stm32.13.3.rel1.win32_1.0.0.202411081344/tools/bin/../lib/gcc/arm-none-eabi/13.3.1/thumb/v7e-m+fp/hard/crtbegin.o
 .ARM.attributes
                0x00000056       0x34 ./Src/011_usart_tx.o
 .ARM.attributes
                0x0000008a       0x21 ./Startup/startup_stm32f407vetx.o
 .ARM.attributes
                0x000000ab       0x34 ./drivers/Src/stm32f407xx_gpio_driver.o
 .ARM.attributes
                0x000000df       0x34 ./drivers/Src/stm32f407xx_usart_driver.o
 .ARM.attributes
                0x00000113       0x34 E:/Software Installs/STM32CubeIDE_1.19.0/STM32CubeIDE/plugins/com.st.stm32cube.ide.mcu.externaltools.gnu-tools-for-stm32.13.3.rel1.win32_1.0.0.202411081344/tools/bin/../lib/gcc/arm-none-eabi/13.3.1/../../../../arm-none-eabi/lib/thumb/v7e-m+fp/hard\libc_nano.a(libc_a-init.o)
 .ARM.attributes
                0x00000147       0x17 E:/Software Installs/STM32CubeIDE_1.19.0/STM32CubeIDE/plugins/com.st.stm32cube.ide.mcu.externaltools.gnu-tools-for-stm32.13.3.rel1.win32_1.0.0.202411081344/tools/bin/../lib/gcc/arm-none-eabi/13.3.1/../../../../arm-none-eabi/lib/thumb/v7e-m+fp/hard\libc_nano.a(libc_a-strlen.o)
 .ARM.attributes
                0x0000015e       0x22 E:/Software Installs/STM32CubeIDE_1.19.0/STM32CubeIDE/plugins/com.st.stm32cube.ide.mcu.externaltools.gnu-tools-for-stm32.13.3.rel1.win32_1.0.0.202411081344/tools/bin/../lib/gcc/arm-none-eabi/13.3.1/thumb/v7e-m+fp/hard/crtn.o
OUTPUT(stm32f4xx_drivers.elf elf32-littlearm)
LOAD linker stubs
LOAD E:/Software Installs/STM32CubeIDE_1.19.0/STM32CubeIDE/plugins/com.st.stm32cube.ide.mcu.externaltools.gnu-tools-for-stm32.13.3.rel1.win32_1.0.0.202411081344/tools/bin/../lib/gcc/arm-none-eabi/13.3.1/../../../../arm-none-eabi/lib/thumb/v7e-m+fp/hard\libc.a
LOAD E:/Software Installs/STM32CubeIDE_1.19.0/STM32CubeIDE/plugins/com.st.stm32cube.ide.mcu.externaltools.gnu-tools-for-stm32.13.3.rel1.win32_1.0.0.202411081344/tools/bin/../lib/gcc/arm-none-eabi/13.3.1/../../../../arm-none-eabi/lib/thumb/v7e-m+fp/hard\libm.a
LOAD E:/Software Installs/STM32CubeIDE_1.19.0/STM32CubeIDE/plugins/com.st.stm32cube.ide.mcu.externaltools.gnu-tools-for-stm32.13.3.rel1.win32_1.0.0.202411081344/tools/bin/../lib/gcc/arm-none-eabi/13.3.1/thumb/v7e-m+fp/hard\libgcc.a

.debug_info     0x00000000     0x149f
 .debug_info    0x00000000      0x4a6 ./Src/011_usart_tx.o
 .debug_info    0x000004a6       0x30 ./Startup/startup_stm32f407vetx.o
 .debug_info    0x000004d6      0x760 ./drivers/Src/stm32f407xx_gpio_driver.o
 .debug_info    0x00000c36      0x869 ./drivers/Src/stm32f407xx_usart_driver.o

.debug_abbrev   0x00000000      0x4fc
 .debug_abbrev  0x00000000      0x193 ./Src/011_usart_tx.o
 .debug_abbrev  0x00000193       0x24 ./Startup/startup_stm32f407vetx.o
 .debug_abbrev  0x000001b7      0x178 ./drivers/Src/stm32f407xx_gpio_driver.o
 .debug_abbrev  0x0000032f      0x1cd ./drivers/Src/stm32f407xx_usart_driver.o

.debug_aranges  0x00000000      0x168
 .debug_aranges
                0x00000000       0x40 ./Src/011_usart_tx.o
 .debug_aranges
                0x00000040       0x28 ./Startup/startup_stm32f407vetx.o
 .debug_aranges
                0x00000068       0x70 ./drivers/Src/stm32f407xx_gpio_driver.o
 .debug_aranges
                0x000000d8       0x90 ./drivers/Src/stm32f407xx_usart_driver.o

.debug_rnglists
                0x00000000      0x104
 .debug_rnglists
                0x00000000       0x2b ./Src/011_usart_tx.o
 .debug_rnglists
                0x0000002b       0x19 ./Startup/startup_stm32f407vetx.o
 .debug_rnglists
                0x00000044       0x53 ./drivers/Src/stm32f407xx_gpio_driver.o
 .debug_rnglists
                0x00000097       0x6d ./drivers/Src/stm32f407xx_usart_driver.o

.debug_macro    0x00000000     0x28aa
 .debug_macro   0x00000000      0x199 ./Src/011_usart_tx.o
 .debug_macro   0x00000199      0xade ./Src/011_usart_tx.o
 .debug_macro   0x00000c77       0x22 ./Src/011_usart_tx.o
 .debug_macro   0x00000c99       0x5b ./Src/011_usart_tx.o
 .debug_macro   0x00000cf4       0x2a ./Src/011_usart_tx.o
 .debug_macro   0x00000d1e       0x94 ./Src/011_usart_tx.o
 .debug_macro   0x00000db2       0x43 ./Src/011_usart_tx.o
 .debug_macro   0x00000df5       0x34 ./Src/011_usart_tx.o
 .debug_macro   0x00000e29       0x16 ./Src/011_usart_tx.o
 .debug_macro   0x00000e3f       0x57 ./Src/011_usart_tx.o
 .debug_macro   0x00000e96       0x9e ./Src/011_usart_tx.o
 .debug_macro   0x00000f34      0x370 ./Src/011_usart_tx.o
 .debug_macro   0x000012a4      0x112 ./Src/011_usart_tx.o
 .debug_macro   0x000013b6       0x10 ./Src/011_usart_tx.o
 .debug_macro   0x000013c6       0x16 ./Src/011_usart_tx.o
 .debug_macro   0x000013dc       0x4a ./Src/011_usart_tx.o
 .debug_macro   0x00001426       0x34 ./Src/011_usart_tx.o
 .debug_macro   0x0000145a       0x10 ./Src/011_usart_tx.o
 .debug_macro   0x0000146a       0x58 ./Src/011_usart_tx.o
 .debug_macro   0x000014c2       0x8e ./Src/011_usart_tx.o
 .debug_macro   0x00001550       0x1c ./Src/011_usart_tx.o
 .debug_macro   0x0000156c      0x185 ./Src/011_usart_tx.o
 .debug_macro   0x000016f1       0x16 ./Src/011_usart_tx.o
 .debug_macro   0x00001707       0x16 ./Src/011_usart_tx.o
 .debug_macro   0x0000171d      0x146 ./Src/011_usart_tx.o
 .debug_macro   0x00001863       0x16 ./Src/011_usart_tx.o
 .debug_macro   0x00001879       0x3c ./Src/011_usart_tx.o
 .debug_macro   0x000018b5       0x20 ./Src/011_usart_tx.o
 .debug_macro   0x000018d5      0x103 ./Src/011_usart_tx.o
 .debug_macro   0x000019d8       0x6a ./Src/011_usart_tx.o
 .debug_macro   0x00001a42      0x1df ./Src/011_usart_tx.o
 .debug_macro   0x00001c21      0x6ed ./Src/011_usart_tx.o
 .debug_macro   0x0000230e       0xe8 ./Src/011_usart_tx.o
 .debug_macro   0x000023f6       0xc4 ./Src/011_usart_tx.o
 .debug_macro   0x000024ba      0x158 ./drivers/Src/stm32f407xx_gpio_driver.o
 .debug_macro   0x00002612       0x8e ./drivers/Src/stm32f407xx_gpio_driver.o
 .debug_macro   0x000026a0       0x51 ./drivers/Src/stm32f407xx_gpio_driver.o
 .debug_macro   0x000026f1       0x61 ./drivers/Src/stm32f407xx_gpio_driver.o
 .debug_macro   0x00002752      0x158 ./drivers/Src/stm32f407xx_usart_driver.o

.debug_line     0x00000000     0x203e
 .debug_line    0x00000000      0x7f4 ./Src/011_usart_tx.o
 .debug_line    0x000007f4       0x7b ./Startup/startup_stm32f407vetx.o
 .debug_line    0x0000086f      0xcbc ./drivers/Src/stm32f407xx_gpio_driver.o
 .debug_line    0x0000152b      0xb13 ./drivers/Src/stm32f407xx_usart_driver.o

.debug_str      0x00000000     0xa134
 .debug_str     0x00000000     0xa134 ./Src/011_usart_tx.o
                               0x9e93 (size before relaxing)
 .debug_str     0x0000a134       0x93 ./Startup/startup_stm32f407vetx.o
 .debug_str     0x0000a134     0x9b1e ./drivers/Src/stm32f407xx_gpio_driver.o
 .debug_str     0x0000a134     0x9dc9 ./drivers/Src/stm32f407xx_usart_driver.o

.comment        0x00000000       0x43
 .comment       0x00000000       0x43 ./Src/011_usart_tx.o
                                 0x44 (size before relaxing)
 .comment       0x00000043       0x44 ./drivers/Src/stm32f407xx_gpio_driver.o
 .comment       0x00000043       0x44 ./drivers/Src/stm32f407xx_usart_driver.o

.debug_frame    0x00000000      0x50c
 .debug_frame   0x00000000       0xb8 ./Src/011_usart_tx.o
 .debug_frame   0x000000b8      0x1c8 ./drivers/Src/stm32f407xx_gpio_driver.o
 .debug_frame   0x00000280      0x260 ./drivers/Src/stm32f407xx_usart_driver.o
 .debug_frame   0x000004e0       0x2c E:/Software Installs/STM32CubeIDE_1.19.0/STM32CubeIDE/plugins/com.st.stm32cube.ide.mcu.externaltools.gnu-tools-for-stm32.13.3.rel1.win32_1.0.0.202411081344/tools/bin/../lib/gcc/arm-none-eabi/13.3.1/../../../../arm-none-eabi/lib/thumb/v7e-m+fp/hard\libc_nano.a(libc_a-init.o)

.debug_line_str
                0x00000000       0x77
 .debug_line_str
                0x00000000       0x77 ./Startup/startup_stm32f407vetx.o
